---
source: tests/codegen.rs
expression: ts
---
var myConvert = function($dict) {
  return $dict.myConvert;
};

var convertIntString = {
  myConvert: function($_0) {
    return "int";
  }
};

var doConvert = function($dictMyConvert) {
  return function(x) {
    return myConvert($dictMyConvert)(x);
  };
};


export { convertIntString, doConvert, myConvert };
