---
source: tests/codegen.rs
expression: ts
---
var identity: any = function(x) {
  return x;
};

var constFunc: any = function(x) {
  return function($_0) {
    return x;
  };
};

var apply: any = function(f) {
  return function(x) {
    return f(x);
  };
};

var flip: any = function(f) {
  return function(b) {
    return function(a) {
      return f(a)(b);
    };
  };
};

var compose: any = function(f) {
  return function(g) {
    return function(x) {
      return f(g(x));
    };
  };
};


export { apply, compose, constFunc, flip, identity };
