---
source: tests/codegen.rs
expression: js
---
var MyNothing = /* #__PURE__ */ (function () {
    function MyNothing () {
    };
    MyNothing.value = new MyNothing();
    return MyNothing;
})();
var MyJust = /* #__PURE__ */ (function () {
    function MyJust (value0) {
        this.value0 = value0;
    };
    MyJust.create = function (value0) {
        return new MyJust(value0);
    };
    return MyJust;
})();
var myFunctorMyMaybe = {
    myMap: function (v) {
        return function (v1) {
            if (v1 instanceof MyJust) {
                return new MyJust(v(v1.value0));
            }
            return MyNothing.value;
        };
    }
};
var unwrap = function ($copy_v) {
    var $tco_done = false;
    var $tco_result;
    function $tco_loop(v) {
        if (v instanceof MyJust) {
            $tco_done = true;
            return v.value0;
        }
        if (v instanceof MyNothing) {
            $copy_v = MyNothing.value;
            return;
        }
        throw new Error("Failed pattern match");
    }
    while (!$tco_done) {
        $tco_result = $tco_loop($copy_v);
    }
    return $tco_result;
};
var myMap = function (dict) {
    return dict.myMap;
};
var liftF = function (dictMyFunctor) {
    var myMap1 = myMap(dictMyFunctor);
    return function (f) {
        return function (x) {
            return myMap1(f)(x);
        };
    };
};
var test = /* #__PURE__ */ (function () {
    return unwrap(liftF(myFunctorMyMaybe)(function (x) {
        return x;
    })(new MyJust(42)));
})();
export {
    myMap,
    MyNothing,
    MyJust,
    myFunctorMyMaybe,
    liftF,
    unwrap,
    test
};
