---
source: tests/codegen.rs
expression: js
---
var mkOuter = function (v) {
    return function (l) {
        return {
            inner: {
                val: v
            },
            label: l
        };
    };
};
var getInnerVal = function (o) {
    return o.inner.val;
};
var test = /* #__PURE__ */ getInnerVal(mkOuter(42)("x"));
var setX = function (newX) {
    return function (p) {
        return {
            y: p.y,
            x: newX
        };
    };
};
var mkPoint = function (x) {
    return function (y) {
        return {
            x: x,
            y: y
        };
    };
};
var getX = function (p) {
    return p.x;
};
export {
    mkPoint,
    getX,
    setX,
    mkOuter,
    getInnerVal,
    test
};
