---
source: tests/codegen.rs
expression: js
---
import * as $foreign from "./foreign.js";
export {
    mkFn2,
    runFn2
} from "./foreign.js";
var makeWrapper = function (x) {
    return $foreign.mkFn2(function (a) {
        return function (b) {
            return x;
        };
    });
};
var runWrapper = function (v) {
    return $foreign.runFn2(v);
};
var test = /* #__PURE__ */ runWrapper(makeWrapper(99))(1)(2);
var Wrapper = function (x) {
    return x;
};
export {
    Wrapper,
    makeWrapper,
    runWrapper,
    test
};
