---
source: tests/codegen.rs
expression: js
---
import * as MyClass from "../MyClass/index.js";
var showInt = /* #__PURE__ */ MyClass.myShow(MyClass.myShowInt)(42);
var showThing = function (dictMyShow) {
    return function (x) {
        return MyClass.myShow(dictMyShow)(x);
    };
};
export {
    showThing,
    showInt
};
