---
source: tests/codegen.rs
expression: js
---
var emptyArray = [];
var anInt = 42;
var anArray = [1, 2, 3];
var aString = "hello world";
var aFloat = 3.14;
var aFalse = false;
var aChar = "x";
var aBool = true;
export {
    anInt,
    aFloat,
    aString,
    aChar,
    aBool,
    aFalse,
    anArray,
    emptyArray
};
