---
source: tests/codegen.rs
expression: js
---
import * as Data_Show from "../Data.Show/index.js";
var myClassInt = {
    myMethod: function (v) {
        return "int";
    }
};
var myMethod = function (dict) {
    return dict.myMethod;
};
var useBoth = function (dictShow) {
    var show = Data_Show.show(dictShow);
    return function (dictMyClass) {
        var myMethod1 = myMethod(dictMyClass);
        return function (x) {
            return show(x) + myMethod1(x);
        };
    };
};
var test = /* #__PURE__ */ useBoth(Data_Show.showInt)(myClassInt)(42);
export {
    myMethod,
    myClassInt,
    useBoth,
    test
};
