---
source: tests/codegen.rs
expression: js
---
var map = function ($dict) {
    return $dict.map;
};
var Nothing = (function () {
    function Nothing () {
    };
    Nothing.value = new Nothing();
    return Nothing;
})();
var Just = (function () {
    function Just (value0) {
        this.value0 = value0;
    };
    Just.create = function (value0) {
        return new Just(value0);
    };
    return Just;
})();
var functorMaybe = {
    map: function (f) {
        return function (x) {
            if (x instanceof Nothing) {
                return Nothing.value;
            }
            if (x instanceof Just) {
                return Just.create(f(x.value0));
            }
            return x;
        };
    }
};
var Pair = (function () {
    function Pair (value0, value1) {
        this.value0 = value0;
        this.value1 = value1;
    };
    Pair.create = function (value0) {
        return function (value1) {
            return new Pair(value0, value1);
        };
    };
    return Pair;
})();
var functorPair = {
    map: function (f) {
        return function (x) {
            if (x instanceof Pair) {
                return Pair.create(x.value0)(f(x.value1));
            }
            return x;
        };
    }
};
var Leaf = (function () {
    function Leaf () {
    };
    Leaf.value = new Leaf();
    return Leaf;
})();
var Branch = (function () {
    function Branch (value0, value1, value2) {
        this.value0 = value0;
        this.value1 = value1;
        this.value2 = value2;
    };
    Branch.create = function (value0) {
        return function (value1) {
            return function (value2) {
                return new Branch(value0, value1, value2);
            };
        };
    };
    return Branch;
})();
var functorTree = {
    map: function (f) {
        return function (x) {
            if (x instanceof Leaf) {
                return Leaf.value;
            }
            if (x instanceof Branch) {
                return Branch.create(x.value0)(x.value1)(f(x.value2));
            }
            return x;
        };
    }
};
export {
    Branch,
    Just,
    Leaf,
    Nothing,
    Pair,
    functorMaybe,
    functorPair,
    functorTree,
    map
};
