---
source: tests/codegen.rs
expression: js
---
var Nothing = /* #__PURE__ */ (function () {
    function Nothing () {
    };
    Nothing.value = new Nothing();
    return Nothing;
})();
var Just = /* #__PURE__ */ (function () {
    function Just (value0) {
        this.value0 = value0;
    };
    Just.create = function (value0) {
        return new Just(value0);
    };
    return Just;
})();
var Red = /* #__PURE__ */ (function () {
    function Red () {
    };
    Red.value = new Red();
    return Red;
})();
var Green = /* #__PURE__ */ (function () {
    function Green () {
    };
    Green.value = new Green();
    return Green;
})();
var Blue = /* #__PURE__ */ (function () {
    function Blue () {
    };
    Blue.value = new Blue();
    return Blue;
})();
var wildcardMatch = function (v) {
    return 0;
};
var varMatch = function (x) {
    return x;
};
var literalMatch = function (n) {
    if (n === 0) {
        return "zero";
    }
    if (n === 1) {
        return "one";
    }
    return "other";
};
var constructorMatch = function (m) {
    if (m instanceof Nothing) {
        return 0;
    }
    if (m instanceof Just) {
        return m.value0;
    }
    console.error("Failed pattern match at value:", m);
    console.error("Type:", typeof m);
    throw new Error("Failed pattern match");
};
var nestedMatch = function (m) {
    if (m instanceof Nothing) {
        return 0;
    }
    if (m instanceof Just && m.value0 instanceof Nothing) {
        return 1;
    }
    if (m instanceof Just && m.value0 instanceof Just) {
        return m.value0.value0;
    }
    console.error("Failed pattern match at value:", m);
    console.error("Type:", typeof m);
    throw new Error("Failed pattern match");
};
var test = /* #__PURE__ */ (function () {
    return literalMatch(constructorMatch(new Just(nestedMatch(new Just(new Just(1))))));
})();
var colorToInt = function (c) {
    if (c instanceof Red) {
        return 0;
    }
    if (c instanceof Green) {
        return 1;
    }
    if (c instanceof Blue) {
        return 2;
    }
    console.error("Failed pattern match at value:", c);
    console.error("Type:", typeof c);
    throw new Error("Failed pattern match");
};
var boolMatch = function (b) {
    if (b) {
        return "yes";
    }
    if (!b) {
        return "no";
    }
    console.error("Failed pattern match at value:", b);
    console.error("Type:", typeof b);
    throw new Error("Failed pattern match");
};
var asPattern = function (m) {
    if (m instanceof Just) {
        return m;
    }
    if (m instanceof Nothing) {
        return Nothing.value;
    }
    console.error("Failed pattern match at value:", m);
    console.error("Type:", typeof m);
    throw new Error("Failed pattern match");
};
export {
    Nothing,
    Just,
    Red,
    Green,
    Blue,
    wildcardMatch,
    varMatch,
    literalMatch,
    boolMatch,
    constructorMatch,
    nestedMatch,
    colorToInt,
    asPattern,
    test
};
