---
source: tests/codegen.rs
expression: js
---
import * as Data_Monoid from "../Data.Monoid/index.js";
var mempty = /* #__PURE__ */ Data_Monoid.mempty(Data_Monoid.monoidString);
var myFoldArray = {
    myFoldl: function (v) {
        return function (b) {
            return function (v1) {
                return b;
            };
        };
    }
};
var myFoldl = function (dict) {
    return dict.myFoldl;
};
var myIntercalate = function (dictMyFold) {
    var myFoldl1 = myFoldl(dictMyFold);
    return function (dictMonoid) {
        return function (sep) {
            return function (xs) {
                return myFoldl1(function (acc) {
                    return function (x) {
                        return acc + sep + x;
                    };
                })(mempty)(xs);
            };
        };
    };
};
var test = /* #__PURE__ */ myIntercalate(myFoldArray)(Data_Monoid.monoidString)(", ")(["a", "b", "c"]);
export {
    myFoldl,
    myFoldArray,
    myIntercalate,
    test
};
