---
source: tests/codegen.rs
assertion_line: 471
expression: js
---
import * as Control_Bind from "../Control.Bind/index.js";
var pure = function (dict) {
    return dict.pure;
};
var doSimple = function (dictBind) {
    return function (x) {
        return function (f) {
            return Control_Bind.bind(dictBind)(x)(function (a) {
                return f(a);
            });
        };
    };
};
var bind = function (dict) {
    return dict.bind;
};
var discard = function (dictBind) {
    return bind(dictBind);
};
var doDiscard = function (dictBind) {
    return function (x) {
        return function (y) {
            return discard(dictBind)(x)(function () {
                return y;
            });
        };
    };
};
var doChain = function (dictBind) {
    return function (dictPure) {
        return function (x) {
            return Control_Bind.bind(dictBind)(x)(function (a) {
                return Control_Bind.bind(dictBind)(pure(dictPure)(a))(function (b) {
                    return pure(dictPure)(b);
                });
            });
        };
    };
};
export {
    bind,
    pure,
    discard,
    doSimple,
    doChain,
    doDiscard
};
