---
source: tests/codegen.rs
expression: js
---
var myEqInt = {
    myEq: function (v) {
        return function (v1) {
            return true;
        };
    }
};
var myEq = function (dict) {
    return dict.myEq;
};
var checkEq = function (dictMyEq) {
    var myEq1 = myEq(dictMyEq);
    return function (x) {
        return function (y) {
            return myEq1(x)(y);
        };
    };
};
var test = /* #__PURE__ */ checkEq(myEqInt)(3)(3);
export {
    myEq,
    myEqInt,
    checkEq,
    test
};
