---
source: tests/codegen.rs
expression: js
---
var anInt = 1;
var aNumber = 1.0;
var aString = "hello";
var aBool = true;
var id = function (x) {
    return x;
};
var $$const = function (x) {
    return function (v) {
        return x;
    };
};
var mkPerson = function (n) {
    return function (a) {
        return {
            name: n,
            age: a
        };
    };
};
var getName = function (p) {
    return p.name;
};
var nums = [1, 2, 3];
var strs = ["a", "b"];
var nested = [[1], [2, 3]];
export {
    aBool,
    aNumber,
    aString,
    anInt,
    $$const as const,
    getName,
    id,
    mkPerson,
    nested,
    nums,
    strs
};
