---
source: tests/codegen.rs
assertion_line: 508
expression: js
---
var subString = {
    sub: function (x) {
        return x;
    }
};
var subAll = {
    sub: function (x) {
        return x;
    }
};
var op = function (dict) {
    return dict.op;
};
var opWW = function (dictSub) {
    return {
        op: function (v) {
            return function (v1) {
                return "product";
            };
        }
    };
};
var test = /* #__PURE__ */ op(opWW(subString))("hello")("world");
var sub = function (dict) {
    return dict.sub;
};
var opWString = function (dictSub) {
    return {
        op: function (v) {
            return function (v1) {
                return "wString";
            };
        }
    };
};
var opStringW = function (dictSub) {
    return {
        op: function (v) {
            return function (v1) {
                return "stringW";
            };
        }
    };
};
var W = function (x) {
    return x;
};
export {
    W,
    sub,
    subString,
    subAll,
    op,
    opStringW,
    opWString,
    opWW,
    test
};
