---
source: tests/codegen.rs
expression: js
---
import * as Data_Eq from "../Data.Eq/index.js";
var Pair = /* #__PURE__ */ (function () {
    function Pair (value0, value1) {
        this.value0 = value0;
        this.value1 = value1;
    };
    Pair.create = function (value0) {
        return function (value1) {
            return new Pair(value0, value1);
        };
    };
    return Pair;
})();
var Nothing = /* #__PURE__ */ (function () {
    function Nothing () {
    };
    Nothing.value = new Nothing();
    return Nothing;
})();
var Just = /* #__PURE__ */ (function () {
    function Just (value0) {
        this.value0 = value0;
    };
    Just.create = function (value0) {
        return new Just(value0);
    };
    return Just;
})();
var Red = /* #__PURE__ */ (function () {
    function Red () {
    };
    Red.value = new Red();
    return Red;
})();
var Point = /* #__PURE__ */ (function () {
    function Point (value0, value1) {
        this.value0 = value0;
        this.value1 = value1;
    };
    Point.create = function (value0) {
        return function (value1) {
            return new Point(value0, value1);
        };
    };
    return Point;
})();
var Green = /* #__PURE__ */ (function () {
    function Green () {
    };
    Green.value = new Green();
    return Green;
})();
var Blue = /* #__PURE__ */ (function () {
    function Blue () {
    };
    Blue.value = new Blue();
    return Blue;
})();
var eqPoint = {
    eq: function (x) {
        return function (y) {
            return x.value0 === y.value0 && x.value1 === y.value1;
        };
    }
};
var eqColor = {
    eq: function (x) {
        return function (y) {
            if (x instanceof Red && y instanceof Red) {
                return true;
            }
            if (x instanceof Green && y instanceof Green) {
                return true;
            }
            if (x instanceof Blue && y instanceof Blue) {
                return true;
            }
            return false;
        };
    }
};
var eqPair = function (dictEq) {
    var eq = Data_Eq.eq(dictEq);
    return function (dictEq1) {
        var eq2 = Data_Eq.eq(dictEq1);
        return {
            eq: function (x) {
                return function (y) {
                    return eq(x.value0)(y.value0) && eq2(x.value1)(y.value1);
                };
            }
        };
    };
};
var eqMaybe = function (dictEq) {
    var eq = Data_Eq.eq(dictEq);
    return {
        eq: function (x) {
            return function (y) {
                if (x instanceof Nothing && y instanceof Nothing) {
                    return true;
                }
                if (x instanceof Just && y instanceof Just) {
                    return eq(x.value0)(y.value0);
                }
                return false;
            };
        }
    };
};
var test = /* #__PURE__ */ (function () {
    return Data_Eq.eq(eqMaybe(eqPair(Data_Eq.eqInt)(Data_Eq.eqInt)))(new Just(new Pair(1, 2)))(new Just(new Pair(1, 2)));
})();
export {
    Red,
    Green,
    Blue,
    eqColor,
    Pair,
    eqPair,
    Point,
    eqPoint,
    Nothing,
    Just,
    eqMaybe,
    test
};
