---
source: tests/codegen.rs
expression: js
---
import * as ShowClass from "../ShowClass/index.js";
var showInt = ShowClass.myShow(ShowClass.myShowInt)(42);
var showStr = ShowClass.myShow(ShowClass.myShowString)("hello");
var showBool = ShowClass.myShow(ShowClass.myShowBoolean)(true);
export {
    showBool,
    showInt,
    showStr
};
