---
source: tests/codegen.rs
expression: js
---
import * as Data_Semigroup from "../Data.Semigroup/index.js";
import * as Data_Show from "../Data.Show/index.js";
var pointFreeAppend = /* #__PURE__ */ Data_Semigroup.append(Data_Semigroup.semigroupString)("hello")(" world");
var pointFreeShow = /* #__PURE__ */ Data_Show.show(Data_Show.showInt)(42);
var test = pointFreeAppend;
var functionShow = function (x) {
    return Data_Show.show(Data_Show.showInt)(x);
};
export {
    pointFreeShow,
    functionShow,
    pointFreeAppend,
    test
};
