---
source: tests/codegen.rs
expression: use_ts
---
import * as MyClass from "../MyClass/index.ts";

import type { MyShow } from "../MyClass/index.ts";


var showThing: <A>($dictMyShow: MyShow<A>) => (x: A) => string = function($dictMyShow) {
  return function(x) {
    return MyClass.myShow($dictMyShow)(x);
  };
};

var showInt: string = MyClass.myShow(MyClass.myShowInt)(42);


export { showInt, showThing };
