---
source: tests/codegen.rs
expression: js
---
import * as Control_Bind from "../Control.Bind/index.js";
import * as Data_Bounded from "../Data.Bounded/index.js";
import * as Data_Bounded_Generic from "../Data.Bounded.Generic/index.js";
import * as Data_Eq from "../Data.Eq/index.js";
import * as Data_Eq_Generic from "../Data.Eq.Generic/index.js";
import * as Data_Generic_Rep from "../Data.Generic.Rep/index.js";
import * as Data_HeytingAlgebra from "../Data.HeytingAlgebra/index.js";
import * as Data_HeytingAlgebra_Generic from "../Data.HeytingAlgebra.Generic/index.js";
import * as Data_Ord from "../Data.Ord/index.js";
import * as Data_Ord_Generic from "../Data.Ord.Generic/index.js";
import * as Data_Ordering from "../Data.Ordering/index.js";
import * as Data_Ring from "../Data.Ring/index.js";
import * as Data_Ring_Generic from "../Data.Ring.Generic/index.js";
import * as Data_Semiring from "../Data.Semiring/index.js";
import * as Data_Semiring_Generic from "../Data.Semiring.Generic/index.js";
import * as Data_Show from "../Data.Show/index.js";
import * as Data_Show_Generic from "../Data.Show.Generic/index.js";
import * as Test_Utils from "../Test.Utils/index.js";
var A1 = /* #__PURE__ */ (function () {
    function A1 (value0) {
        this.value0 = value0;
    };
    A1.create = function (value0) {
        return new A1(value0);
    };
    return A1;
})();
var genericA1 = {
    to: function (x) {
        return new A1(x);
    },
    from: function (x) {
        return x.value0;
    }
};
var genericAdd = /* #__PURE__ */ Data_Semiring_Generic.genericAdd(genericA1);
var semiringRecord = /* #__PURE__ */ Data_Semiring.semiringRecord();
var genericMul = /* #__PURE__ */ Data_Semiring_Generic.genericMul(genericA1);
var Pair = /* #__PURE__ */ (function () {
    function Pair (value0, value1) {
        this.value0 = value0;
        this.value1 = value1;
    };
    Pair.create = function (value0) {
        return function (value1) {
            return new Pair(value0, value1);
        };
    };
    return Pair;
})();
var semiringPair = function (dictSemiring) {
    var add1 = Data_Semiring.add(dictSemiring);
    var one1 = Data_Semiring.one(dictSemiring);
    var mul1 = Data_Semiring.mul(dictSemiring);
    var zero1 = Data_Semiring.zero(dictSemiring);
    return function (dictSemiring1) {
        var add2 = Data_Semiring.add(dictSemiring1);
        var mul2 = Data_Semiring.mul(dictSemiring1);
        return {
            add: function (v) {
                return function (v1) {
                    return new Pair(add1(v.value0)(v1.value0), add2(v.value1)(v1.value1));
                };
            },
            one: new Pair(one1, Data_Semiring.one(dictSemiring1)),
            mul: function (v) {
                return function (v1) {
                    return new Pair(mul1(v.value0)(v1.value0), mul2(v.value1)(v1.value1));
                };
            },
            zero: new Pair(zero1, Data_Semiring.zero(dictSemiring1))
        };
    };
};
var semiringA1 = {
    zero: Data_Semiring_Generic.genericZero(genericA1)(Data_Semiring_Generic.genericSemiringConstructor(Data_Semiring_Generic.genericSemiringArgument(semiringPair(semiringPair(Data_Semiring.semiringInt)(semiringRecord(Data_Semiring.semiringRecordCons({
        reflectSymbol: function () {
            return "a";
        }
    })()(Data_Semiring.semiringRecordNil)(Data_Semiring.semiringInt))))(semiringRecord(Data_Semiring.semiringRecordCons({
        reflectSymbol: function () {
            return "a";
        }
    })()(Data_Semiring.semiringRecordNil)(Data_Semiring.semiringInt)))))),
    one: Data_Semiring_Generic.genericOne(genericA1)(Data_Semiring_Generic.genericSemiringConstructor(Data_Semiring_Generic.genericSemiringArgument(semiringPair(semiringPair(Data_Semiring.semiringInt)(semiringRecord(Data_Semiring.semiringRecordCons({
        reflectSymbol: function () {
            return "a";
        }
    })()(Data_Semiring.semiringRecordNil)(Data_Semiring.semiringInt))))(semiringRecord(Data_Semiring.semiringRecordCons({
        reflectSymbol: function () {
            return "a";
        }
    })()(Data_Semiring.semiringRecordNil)(Data_Semiring.semiringInt)))))),
    add: function (x) {
        return function (y) {
            return genericAdd(Data_Semiring_Generic.genericSemiringConstructor(Data_Semiring_Generic.genericSemiringArgument(semiringPair(semiringPair(Data_Semiring.semiringInt)(semiringRecord(Data_Semiring.semiringRecordCons({
                reflectSymbol: function () {
                    return "a";
                }
            })()(Data_Semiring.semiringRecordNil)(Data_Semiring.semiringInt))))(semiringRecord(Data_Semiring.semiringRecordCons({
                reflectSymbol: function () {
                    return "a";
                }
            })()(Data_Semiring.semiringRecordNil)(Data_Semiring.semiringInt))))))(x)(y);
        };
    },
    mul: function (x) {
        return function (y) {
            return genericMul(Data_Semiring_Generic.genericSemiringConstructor(Data_Semiring_Generic.genericSemiringArgument(semiringPair(semiringPair(Data_Semiring.semiringInt)(semiringRecord(Data_Semiring.semiringRecordCons({
                reflectSymbol: function () {
                    return "a";
                }
            })()(Data_Semiring.semiringRecordNil)(Data_Semiring.semiringInt))))(semiringRecord(Data_Semiring.semiringRecordCons({
                reflectSymbol: function () {
                    return "a";
                }
            })()(Data_Semiring.semiringRecordNil)(Data_Semiring.semiringInt))))))(x)(y);
        };
    }
};
var zero = /* #__PURE__ */ Data_Semiring.zero(semiringA1);
var B1 = /* #__PURE__ */ (function () {
    function B1 (value0) {
        this.value0 = value0;
    };
    B1.create = function (value0) {
        return new B1(value0);
    };
    return B1;
})();
var genericB1 = {
    to: function (x) {
        return new B1(x);
    },
    from: function (x) {
        return x.value0;
    }
};
var genericImplies = /* #__PURE__ */ Data_HeytingAlgebra_Generic.genericImplies(genericB1);
var heytingAlgebraRecord = /* #__PURE__ */ Data_HeytingAlgebra.heytingAlgebraRecord();
var genericConj = /* #__PURE__ */ Data_HeytingAlgebra_Generic.genericConj(genericB1);
var genericDisj = /* #__PURE__ */ Data_HeytingAlgebra_Generic.genericDisj(genericB1);
var genericNot = /* #__PURE__ */ Data_HeytingAlgebra_Generic.genericNot(genericB1);
var heytingAlgebraPair = function (dictHeytingAlgebra) {
    var tt1 = Data_HeytingAlgebra.tt(dictHeytingAlgebra);
    var ff1 = Data_HeytingAlgebra.ff(dictHeytingAlgebra);
    var implies = Data_HeytingAlgebra.implies(dictHeytingAlgebra);
    var conj1 = Data_HeytingAlgebra.conj(dictHeytingAlgebra);
    var disj1 = Data_HeytingAlgebra.disj(dictHeytingAlgebra);
    var not = Data_HeytingAlgebra.not(dictHeytingAlgebra);
    return function (dictHeytingAlgebra1) {
        var implies2 = Data_HeytingAlgebra.implies(dictHeytingAlgebra1);
        var conj2 = Data_HeytingAlgebra.conj(dictHeytingAlgebra1);
        var disj2 = Data_HeytingAlgebra.disj(dictHeytingAlgebra1);
        var not2 = Data_HeytingAlgebra.not(dictHeytingAlgebra1);
        return {
            tt: new Pair(tt1, Data_HeytingAlgebra.tt(dictHeytingAlgebra1)),
            ff: new Pair(ff1, Data_HeytingAlgebra.ff(dictHeytingAlgebra1)),
            implies: function (v) {
                return function (v1) {
                    return new Pair(implies(v.value0)(v1.value0), implies2(v.value1)(v1.value1));
                };
            },
            conj: function (v) {
                return function (v1) {
                    return new Pair(conj1(v.value0)(v1.value0), conj2(v.value1)(v1.value1));
                };
            },
            disj: function (v) {
                return function (v1) {
                    return new Pair(disj1(v.value0)(v1.value0), disj2(v.value1)(v1.value1));
                };
            },
            not: function (v) {
                return new Pair(not(v.value0), not2(v.value1));
            }
        };
    };
};
var heytingAlgebraB1 = {
    ff: Data_HeytingAlgebra_Generic.genericFF(genericB1)(Data_HeytingAlgebra_Generic.genericHeytingAlgebraConstructor(Data_HeytingAlgebra_Generic.genericHeytingAlgebraArgument(heytingAlgebraPair(heytingAlgebraPair(Data_HeytingAlgebra.heytingAlgebraBoolean)(heytingAlgebraRecord(Data_HeytingAlgebra.heytingAlgebraRecordCons({
        reflectSymbol: function () {
            return "a";
        }
    })()(Data_HeytingAlgebra.heytingAlgebraRecordNil)(Data_HeytingAlgebra.heytingAlgebraBoolean))))(heytingAlgebraRecord(Data_HeytingAlgebra.heytingAlgebraRecordCons({
        reflectSymbol: function () {
            return "a";
        }
    })()(Data_HeytingAlgebra.heytingAlgebraRecordNil)(Data_HeytingAlgebra.heytingAlgebraBoolean)))))),
    tt: Data_HeytingAlgebra_Generic.genericTT(genericB1)(Data_HeytingAlgebra_Generic.genericHeytingAlgebraConstructor(Data_HeytingAlgebra_Generic.genericHeytingAlgebraArgument(heytingAlgebraPair(heytingAlgebraPair(Data_HeytingAlgebra.heytingAlgebraBoolean)(heytingAlgebraRecord(Data_HeytingAlgebra.heytingAlgebraRecordCons({
        reflectSymbol: function () {
            return "a";
        }
    })()(Data_HeytingAlgebra.heytingAlgebraRecordNil)(Data_HeytingAlgebra.heytingAlgebraBoolean))))(heytingAlgebraRecord(Data_HeytingAlgebra.heytingAlgebraRecordCons({
        reflectSymbol: function () {
            return "a";
        }
    })()(Data_HeytingAlgebra.heytingAlgebraRecordNil)(Data_HeytingAlgebra.heytingAlgebraBoolean)))))),
    implies: function (x) {
        return function (y) {
            return genericImplies(Data_HeytingAlgebra_Generic.genericHeytingAlgebraConstructor(Data_HeytingAlgebra_Generic.genericHeytingAlgebraArgument(heytingAlgebraPair(heytingAlgebraPair(Data_HeytingAlgebra.heytingAlgebraBoolean)(heytingAlgebraRecord(Data_HeytingAlgebra.heytingAlgebraRecordCons({
                reflectSymbol: function () {
                    return "a";
                }
            })()(Data_HeytingAlgebra.heytingAlgebraRecordNil)(Data_HeytingAlgebra.heytingAlgebraBoolean))))(heytingAlgebraRecord(Data_HeytingAlgebra.heytingAlgebraRecordCons({
                reflectSymbol: function () {
                    return "a";
                }
            })()(Data_HeytingAlgebra.heytingAlgebraRecordNil)(Data_HeytingAlgebra.heytingAlgebraBoolean))))))(x)(y);
        };
    },
    conj: function (x) {
        return function (y) {
            return genericConj(Data_HeytingAlgebra_Generic.genericHeytingAlgebraConstructor(Data_HeytingAlgebra_Generic.genericHeytingAlgebraArgument(heytingAlgebraPair(heytingAlgebraPair(Data_HeytingAlgebra.heytingAlgebraBoolean)(heytingAlgebraRecord(Data_HeytingAlgebra.heytingAlgebraRecordCons({
                reflectSymbol: function () {
                    return "a";
                }
            })()(Data_HeytingAlgebra.heytingAlgebraRecordNil)(Data_HeytingAlgebra.heytingAlgebraBoolean))))(heytingAlgebraRecord(Data_HeytingAlgebra.heytingAlgebraRecordCons({
                reflectSymbol: function () {
                    return "a";
                }
            })()(Data_HeytingAlgebra.heytingAlgebraRecordNil)(Data_HeytingAlgebra.heytingAlgebraBoolean))))))(x)(y);
        };
    },
    disj: function (x) {
        return function (y) {
            return genericDisj(Data_HeytingAlgebra_Generic.genericHeytingAlgebraConstructor(Data_HeytingAlgebra_Generic.genericHeytingAlgebraArgument(heytingAlgebraPair(heytingAlgebraPair(Data_HeytingAlgebra.heytingAlgebraBoolean)(heytingAlgebraRecord(Data_HeytingAlgebra.heytingAlgebraRecordCons({
                reflectSymbol: function () {
                    return "a";
                }
            })()(Data_HeytingAlgebra.heytingAlgebraRecordNil)(Data_HeytingAlgebra.heytingAlgebraBoolean))))(heytingAlgebraRecord(Data_HeytingAlgebra.heytingAlgebraRecordCons({
                reflectSymbol: function () {
                    return "a";
                }
            })()(Data_HeytingAlgebra.heytingAlgebraRecordNil)(Data_HeytingAlgebra.heytingAlgebraBoolean))))))(x)(y);
        };
    },
    not: function (x) {
        return genericNot(Data_HeytingAlgebra_Generic.genericHeytingAlgebraConstructor(Data_HeytingAlgebra_Generic.genericHeytingAlgebraArgument(heytingAlgebraPair(heytingAlgebraPair(Data_HeytingAlgebra.heytingAlgebraBoolean)(heytingAlgebraRecord(Data_HeytingAlgebra.heytingAlgebraRecordCons({
            reflectSymbol: function () {
                return "a";
            }
        })()(Data_HeytingAlgebra.heytingAlgebraRecordNil)(Data_HeytingAlgebra.heytingAlgebraBoolean))))(heytingAlgebraRecord(Data_HeytingAlgebra.heytingAlgebraRecordCons({
            reflectSymbol: function () {
                return "a";
            }
        })()(Data_HeytingAlgebra.heytingAlgebraRecordNil)(Data_HeytingAlgebra.heytingAlgebraBoolean))))))(x);
    }
};
var tt = /* #__PURE__ */ Data_HeytingAlgebra.tt(heytingAlgebraB1);
var genericBottomConstructor = /* #__PURE__ */ Data_Bounded_Generic.genericBottomConstructor(Data_Bounded_Generic.genericBottomNoArguments);
var A = /* #__PURE__ */ (function () {
    function A () {
    };
    A.value = new A();
    return A;
})();
var D = /* #__PURE__ */ (function () {
    function D () {
    };
    D.value = new D();
    return D;
})();
var B = /* #__PURE__ */ (function () {
    function B () {
    };
    B.value = new B();
    return B;
})();
var C = /* #__PURE__ */ (function () {
    function C () {
    };
    C.value = new C();
    return C;
})();
var genericSimpleBounded = {
    to: function (x) {
        if (x instanceof Data_Generic_Rep.Inl) {
            return A.value;
        }
        if (x instanceof Data_Generic_Rep.Inr && x.value0 instanceof Data_Generic_Rep.Inl) {
            return B.value;
        }
        if (x instanceof Data_Generic_Rep.Inr && x.value0 instanceof Data_Generic_Rep.Inr && x.value0.value0 instanceof Data_Generic_Rep.Inl) {
            return C.value;
        }
        if (x instanceof Data_Generic_Rep.Inr && x.value0 instanceof Data_Generic_Rep.Inr && x.value0.value0 instanceof Data_Generic_Rep.Inr) {
            return D.value;
        }
        throw new Error("Failed pattern match");
    },
    from: function (x) {
        if (x instanceof A) {
            return new Data_Generic_Rep.Inl(Data_Generic_Rep.NoArguments.value);
        }
        if (x instanceof B) {
            return new Data_Generic_Rep.Inr(new Data_Generic_Rep.Inl(Data_Generic_Rep.NoArguments.value));
        }
        if (x instanceof C) {
            return new Data_Generic_Rep.Inr(new Data_Generic_Rep.Inr(new Data_Generic_Rep.Inl(Data_Generic_Rep.NoArguments.value)));
        }
        if (x instanceof D) {
            return new Data_Generic_Rep.Inr(new Data_Generic_Rep.Inr(new Data_Generic_Rep.Inr(Data_Generic_Rep.NoArguments.value)));
        }
        throw new Error("Failed pattern match");
    }
};
var genericCompare = /* #__PURE__ */ Data_Ord_Generic.genericCompare(genericSimpleBounded);
var genericOrdConstructor = /* #__PURE__ */ Data_Ord_Generic.genericOrdConstructor(Data_Ord_Generic.genericOrdNoArguments);
var genericEqConstructor = /* #__PURE__ */ Data_Eq_Generic.genericEqConstructor(Data_Eq_Generic.genericEqNoArguments);
var genericEq1 = /* #__PURE__ */ Data_Eq_Generic.genericEq(genericSimpleBounded);
var eqSimpleBounded = {
    eq: function (x) {
        return function (y) {
            return genericEq1(Data_Eq_Generic.genericEqSum(genericEqConstructor)(Data_Eq_Generic.genericEqSum(genericEqConstructor)(Data_Eq_Generic.genericEqSum(genericEqConstructor)(genericEqConstructor))))(x)(y);
        };
    }
};
var ordSimpleBounded = {
    compare: function (x) {
        return function (y) {
            return genericCompare(Data_Ord_Generic.genericOrdSum(genericOrdConstructor)(Data_Ord_Generic.genericOrdSum(genericOrdConstructor)(Data_Ord_Generic.genericOrdSum(genericOrdConstructor)(genericOrdConstructor))))(x)(y);
        };
    },
    Eq0: function () {
        return eqSimpleBounded;
    }
};
var boundedSimpleBounded = {
    bottom: Data_Bounded_Generic.genericBottom(genericSimpleBounded)(Data_Bounded_Generic.genericBottomSum(genericBottomConstructor)),
    top: Data_Bounded_Generic.genericTop(genericSimpleBounded)(Data_Bounded_Generic.genericTopSum(Data_Bounded_Generic.genericTopSum(Data_Bounded_Generic.genericTopSum(Data_Bounded_Generic.genericTopConstructor(Data_Bounded_Generic.genericTopNoArguments))))),
    Ord0: function () {
        return ordSimpleBounded;
    }
};
var top = /* #__PURE__ */ Data_Bounded.top(boundedSimpleBounded);
var showRecord = /* #__PURE__ */ Data_Show.showRecord();
var bind = /* #__PURE__ */ Control_Bind.bind(Control_Bind.bindFn);
var Nil = /* #__PURE__ */ (function () {
    function Nil () {
    };
    Nil.value = new Nil();
    return Nil;
})();
var Cons = /* #__PURE__ */ (function () {
    function Cons (value0) {
        this.value0 = value0;
    };
    Cons.create = function (value0) {
        return new Cons(value0);
    };
    return Cons;
})();
var genericList = {
    to: function (x) {
        if (x instanceof Data_Generic_Rep.Inl) {
            return Nil.value;
        }
        if (x instanceof Data_Generic_Rep.Inr) {
            return new Cons(x.value0);
        }
        throw new Error("Failed pattern match");
    },
    from: function (x) {
        if (x instanceof Nil) {
            return new Data_Generic_Rep.Inl(Data_Generic_Rep.NoArguments.value);
        }
        if (x instanceof Cons) {
            return new Data_Generic_Rep.Inr(x.value0);
        }
        throw new Error("Failed pattern match");
    }
};
var from = /* #__PURE__ */ Data_Generic_Rep.from(genericList);
var showArgument = /* #__PURE__ */ Data_Generic_Rep.showArgument(Data_Show.showInt);
var genericPair = {
    to: function (x) {
        return new Pair(x.value0, x.value1);
    },
    from: function (x) {
        return new Data_Generic_Rep.Product(x.value0, x.value1);
    }
};
var from1 = /* #__PURE__ */ Data_Generic_Rep.from(genericPair);
var eq = /* #__PURE__ */ Data_Eq.eq(Data_Ordering.eqOrdering);
var eq1 = /* #__PURE__ */ Data_Eq.eq(eqSimpleBounded);
var bottom = /* #__PURE__ */ Data_Bounded.bottom(boundedSimpleBounded);
var eqRec = /* #__PURE__ */ Data_Eq.eqRec();
var eqRowCons = /* #__PURE__ */ Data_Eq.eqRowCons(Data_Eq.eqRowNil);
var genericEq5 = /* #__PURE__ */ Data_Eq_Generic.genericEq(genericA1);
var genericEq4 = /* #__PURE__ */ Data_Eq_Generic.genericEq(genericPair);
var eqPair = function (dictEq) {
    var genericEqArgument = Data_Eq_Generic.genericEqArgument(dictEq);
    return function (dictEq1) {
        return {
            eq: genericEq4(Data_Eq_Generic.genericEqConstructor(Data_Eq_Generic.genericEqProduct(genericEqArgument)(Data_Eq_Generic.genericEqArgument(dictEq1))))
        };
    };
};
var eqA1 = {
    eq: function (a) {
        return genericEq5(Data_Eq_Generic.genericEqConstructor(Data_Eq_Generic.genericEqArgument(eqPair(eqPair(Data_Eq.eqInt)(eqRec(eqRowCons()({
            reflectSymbol: function () {
                return "a";
            }
        })(Data_Eq.eqInt))))(eqRec(eqRowCons()({
            reflectSymbol: function () {
                return "a";
            }
        })(Data_Eq.eqInt))))))(a);
    }
};
var eq2 = /* #__PURE__ */ Data_Eq.eq(eqA1);
var one = /* #__PURE__ */ Data_Semiring.one(semiringA1);
var add = /* #__PURE__ */ Data_Semiring.add(semiringA1);
var mul = /* #__PURE__ */ Data_Semiring.mul(semiringA1);
var genericSub = /* #__PURE__ */ Data_Ring_Generic.genericSub(genericA1);
var ringRecord = /* #__PURE__ */ Data_Ring.ringRecord();
var ringPair = function (dictRing) {
    var sub1 = Data_Ring.sub(dictRing);
    var semiringPair1 = semiringPair(dictRing.Semiring0())(dictRing.Semiring0());
    return function (dictRing1) {
        var sub2 = Data_Ring.sub(dictRing1);
        return {
            sub: function (v) {
                return function (v1) {
                    return new Pair(sub1(v.value0)(v1.value0), sub2(v.value1)(v1.value1));
                };
            },
            Semiring0: function () {
                return semiringPair1;
            }
        };
    };
};
var ringA1 = {
    sub: function (x) {
        return function (y) {
            return genericSub(Data_Ring_Generic.genericRingConstructor(Data_Ring_Generic.genericRingArgument(ringPair(ringPair(Data_Ring.ringInt)(ringRecord(Data_Ring.ringRecordCons({
                reflectSymbol: function () {
                    return "a";
                }
            })()(Data_Ring.ringRecordNil)(Data_Ring.ringInt))))(ringRecord(Data_Ring.ringRecordCons({
                reflectSymbol: function () {
                    return "a";
                }
            })()(Data_Ring.ringRecordNil)(Data_Ring.ringInt))))))(x)(y);
        };
    },
    Semiring0: function () {
        return semiringA1;
    }
};
var sub = /* #__PURE__ */ Data_Ring.sub(ringA1);
var genericEq6 = /* #__PURE__ */ Data_Eq_Generic.genericEq(genericB1);
var eqB1 = {
    eq: function (a) {
        return genericEq6(Data_Eq_Generic.genericEqConstructor(Data_Eq_Generic.genericEqArgument(eqPair(eqPair(Data_Eq.eqBoolean)(eqRec(eqRowCons()({
            reflectSymbol: function () {
                return "a";
            }
        })(Data_Eq.eqBoolean))))(eqRec(eqRowCons()({
            reflectSymbol: function () {
                return "a";
            }
        })(Data_Eq.eqBoolean))))))(a);
    }
};
var eq3 = /* #__PURE__ */ Data_Eq.eq(eqB1);
var ff = /* #__PURE__ */ Data_HeytingAlgebra.ff(heytingAlgebraB1);
var conj = /* #__PURE__ */ Data_HeytingAlgebra.conj(heytingAlgebraB1);
var disj = /* #__PURE__ */ Data_HeytingAlgebra.disj(heytingAlgebraB1);
var heytingAlgebraFunction = /* #__PURE__ */ Data_HeytingAlgebra.heytingAlgebraFunction(heytingAlgebraB1);
var cons = function (head) {
    return function (tail) {
        return new Cons({
            head: head,
            tail: tail
        });
    };
};
var genericEq = /* #__PURE__ */ Data_Eq_Generic.genericEq(genericList);
var eqList = function (dictEq) {
    return {
        eq: function (x) {
            return function (y) {
                return genericEq(Data_Eq_Generic.genericEqSum(genericEqConstructor)(Data_Eq_Generic.genericEqConstructor(Data_Eq_Generic.genericEqArgument(eqRec(Data_Eq.eqRowCons(eqRowCons()({
                    reflectSymbol: function () {
                        return "tail";
                    }
                })(eqList(dictEq)))()({
                    reflectSymbol: function () {
                        return "head";
                    }
                })(dictEq))))))(x)(y);
            };
        }
    };
};
var genericShow = /* #__PURE__ */ Data_Show_Generic.genericShow(genericList);
var genericShowConstructor = /* #__PURE__ */ Data_Show_Generic.genericShowConstructor(Data_Show_Generic.genericShowArgsNoArguments);
var showList = function (dictShow) {
    return {
        show: function (x) {
            return genericShow(Data_Show_Generic.genericShowSum(genericShowConstructor({
                reflectSymbol: function () {
                    return "Nil";
                }
            }))(Data_Show_Generic.genericShowConstructor(Data_Show_Generic.genericShowArgsArgument(showRecord()(Data_Show.showRecordFieldsCons({
                reflectSymbol: function () {
                    return "head";
                }
            })(Data_Show.showRecordFieldsConsNil({
                reflectSymbol: function () {
                    return "tail";
                }
            })(showList(dictShow)))(dictShow))))({
                reflectSymbol: function () {
                    return "Cons";
                }
            })))(x);
        }
    };
};
var None = /* #__PURE__ */ (function () {
    function None () {
    };
    None.value = new None();
    return None;
})();
var Some = /* #__PURE__ */ (function () {
    function Some (value0) {
        this.value0 = value0;
    };
    Some.create = function (value0) {
        return new Some(value0);
    };
    return Some;
})();
var genericOption = {
    to: function (x) {
        if (x instanceof Data_Generic_Rep.Inl) {
            return None.value;
        }
        if (x instanceof Data_Generic_Rep.Inr) {
            return new Some(x.value0);
        }
        throw new Error("Failed pattern match");
    },
    from: function (x) {
        if (x instanceof None) {
            return new Data_Generic_Rep.Inl(Data_Generic_Rep.NoArguments.value);
        }
        if (x instanceof Some) {
            return new Data_Generic_Rep.Inr(x.value0);
        }
        throw new Error("Failed pattern match");
    }
};
var genericEq2 = /* #__PURE__ */ Data_Eq_Generic.genericEq(genericOption);
var eqOption = function (dictEq) {
    var genericEqArgument = Data_Eq_Generic.genericEqArgument(dictEq);
    return {
        eq: function (x) {
            return function (y) {
                return genericEq2(Data_Eq_Generic.genericEqSum(genericEqConstructor)(Data_Eq_Generic.genericEqConstructor(genericEqArgument)))(x)(y);
            };
        }
    };
};
var genericCompare1 = /* #__PURE__ */ Data_Ord_Generic.genericCompare(genericOption);
var ordOption = function (dictOrd) {
    var genericOrdArgument = Data_Ord_Generic.genericOrdArgument(dictOrd);
    var eqOption1 = eqOption(dictOrd.Eq0());
    return {
        compare: function (x) {
            return function (y) {
                return genericCompare1(Data_Ord_Generic.genericOrdSum(genericOrdConstructor)(Data_Ord_Generic.genericOrdConstructor(genericOrdArgument)))(x)(y);
            };
        },
        Eq0: function () {
            return eqOption1;
        }
    };
};
var genericBottom = /* #__PURE__ */ Data_Bounded_Generic.genericBottom(genericOption);
var genericTop = /* #__PURE__ */ Data_Bounded_Generic.genericTop(genericOption);
var boundedOption = function (dictBounded) {
    var ordOption1 = ordOption(dictBounded.Ord0());
    return {
        bottom: genericBottom(Data_Bounded_Generic.genericBottomSum(genericBottomConstructor)),
        top: genericTop(Data_Bounded_Generic.genericTopSum(Data_Bounded_Generic.genericTopConstructor(Data_Bounded_Generic.genericTopArgument(dictBounded)))),
        Ord0: function () {
            return ordOption1;
        }
    };
};
var Zero = /* #__PURE__ */ (function () {
    function Zero () {
    };
    Zero.value = new Zero();
    return Zero;
})();
var One = /* #__PURE__ */ (function () {
    function One () {
    };
    One.value = new One();
    return One;
})();
var genericBit = {
    to: function (x) {
        if (x instanceof Data_Generic_Rep.Inl) {
            return Zero.value;
        }
        if (x instanceof Data_Generic_Rep.Inr) {
            return One.value;
        }
        throw new Error("Failed pattern match");
    },
    from: function (x) {
        if (x instanceof Zero) {
            return new Data_Generic_Rep.Inl(Data_Generic_Rep.NoArguments.value);
        }
        if (x instanceof One) {
            return new Data_Generic_Rep.Inr(Data_Generic_Rep.NoArguments.value);
        }
        throw new Error("Failed pattern match");
    }
};
var genericEq3 = /* #__PURE__ */ Data_Eq_Generic.genericEq(genericBit);
var eqBit = {
    eq: function (x) {
        return function (y) {
            return genericEq3(Data_Eq_Generic.genericEqSum(genericEqConstructor)(genericEqConstructor))(x)(y);
        };
    }
};
var genericCompare2 = /* #__PURE__ */ Data_Ord_Generic.genericCompare(genericBit);
var ordBit = {
    compare: function (x) {
        return function (y) {
            return genericCompare2(Data_Ord_Generic.genericOrdSum(genericOrdConstructor)(genericOrdConstructor))(x)(y);
        };
    },
    Eq0: function () {
        return eqBit;
    }
};
var boundedBit = {
    bottom: Data_Bounded_Generic.genericBottom(genericBit)(Data_Bounded_Generic.genericBottomSum(genericBottomConstructor)),
    top: Data_Bounded_Generic.genericTop(genericBit)(Data_Bounded_Generic.genericTopSum(Data_Bounded_Generic.genericTopConstructor(Data_Bounded_Generic.genericTopNoArguments))),
    Ord0: function () {
        return ordBit;
    }
};
var genericCompare3 = /* #__PURE__ */ Data_Ord_Generic.genericCompare(genericPair);
var ordPair = function (dictOrd) {
    var genericOrdArgument = Data_Ord_Generic.genericOrdArgument(dictOrd);
    var eqPair1 = eqPair(dictOrd.Eq0())(dictOrd.Eq0());
    return function (dictOrd1) {
        return {
            compare: genericCompare3(Data_Ord_Generic.genericOrdConstructor(Data_Ord_Generic.genericOrdProduct(genericOrdArgument)(Data_Ord_Generic.genericOrdArgument(dictOrd1)))),
            Eq0: function () {
                return eqPair1;
            }
        };
    };
};
var genericBottom1 = /* #__PURE__ */ Data_Bounded_Generic.genericBottom(genericPair);
var genericTop1 = /* #__PURE__ */ Data_Bounded_Generic.genericTop(genericPair);
var boundedPair = function (dictBounded) {
    var genericBottomArgument = Data_Bounded_Generic.genericBottomArgument(dictBounded);
    var genericTopArgument = Data_Bounded_Generic.genericTopArgument(dictBounded);
    var ordPair1 = ordPair(dictBounded.Ord0())(dictBounded.Ord0());
    return function (dictBounded1) {
        return {
            bottom: genericBottom1(Data_Bounded_Generic.genericBottomConstructor(Data_Bounded_Generic.genericBottomProduct(genericBottomArgument)(Data_Bounded_Generic.genericBottomArgument(dictBounded1)))),
            top: genericTop1(Data_Bounded_Generic.genericTopConstructor(Data_Bounded_Generic.genericTopProduct(genericTopArgument)(Data_Bounded_Generic.genericTopArgument(dictBounded1)))),
            Ord0: function () {
                return ordPair1;
            }
        };
    };
};
var testGenericRep = /* #__PURE__ */ (function () {
    return bind(Test_Utils.assert("Checking show")(Data_Show.show(showList(Data_Show.showInt))(cons(1)(cons(2)(Nil.value))) === "(Cons { head: 1, tail: (Cons { head: 2, tail: Nil }) })"))(function () {
        return bind(Test_Utils.assert("Checking show for generic types: Inl, NoArguments")(Data_Show.show(Data_Generic_Rep.showSum(Data_Generic_Rep.showConstructor({
            reflectSymbol: function () {
                return "Nil";
            }
        })(Data_Generic_Rep.showNoArguments))(Data_Generic_Rep.showConstructor({
            reflectSymbol: function () {
                return "Cons";
            }
        })(Data_Generic_Rep.showArgument(showRecord()(Data_Show.showRecordFieldsCons({
            reflectSymbol: function () {
                return "head";
            }
        })(Data_Show.showRecordFieldsConsNil({
            reflectSymbol: function () {
                return "tail";
            }
        })(showList(Data_Show.showInt)))(Data_Show.showInt))))))(from(Nil.value)) === "(Inl (Constructor @\"Nil\" NoArguments))"))(function () {
            return bind(Test_Utils.assert("Checking show for generic types: Inr, Constructor, and Single Argument")(Data_Show.show(Data_Generic_Rep.showSum(Data_Generic_Rep.showConstructor({
                reflectSymbol: function () {
                    return "Nil";
                }
            })(Data_Generic_Rep.showNoArguments))(Data_Generic_Rep.showConstructor({
                reflectSymbol: function () {
                    return "Cons";
                }
            })(Data_Generic_Rep.showArgument(showRecord()(Data_Show.showRecordFieldsCons({
                reflectSymbol: function () {
                    return "head";
                }
            })(Data_Show.showRecordFieldsConsNil({
                reflectSymbol: function () {
                    return "tail";
                }
            })(showList(Data_Show.showInt)))(Data_Show.showInt))))))(from(cons(1)(Nil.value))) === "(Inr (Constructor @\"Cons\" (Argument { head: 1, tail: Nil })))"))(function () {
                return bind(Test_Utils.assert("Checking show for generic types: Product")(Data_Show.show(Data_Generic_Rep.showConstructor({
                    reflectSymbol: function () {
                        return "Pair";
                    }
                })(Data_Generic_Rep.showProduct(showArgument)(showArgument)))(from1(new Pair(1, 2))) === "(Constructor @\"Pair\" (Product (Argument 1) (Argument 2)))"))(function () {
                    return bind(Test_Utils.assert("Checking equality")(Data_Eq.eq(eqList(Data_Eq.eqInt))(cons(1)(cons(2)(Nil.value)))(cons(1)(cons(2)(Nil.value)))))(function () {
                        return bind(Test_Utils.assert("Checking inequality")(Data_Eq.notEq(eqList(Data_Eq.eqInt))(cons(1)(cons(2)(Nil.value)))(cons(1)(Nil.value))))(function () {
                            return bind(Test_Utils.assert("Checking comparison EQ")(eq(Data_Ord.compare(ordPair(ordBit)(ordOption(ordBit)))(new Pair(Zero.value, new Some(One.value)))(new Pair(Zero.value, new Some(One.value))))(Data_Ordering.EQ.value)))(function () {
                                return bind(Test_Utils.assert("Checking comparison GT")(eq(Data_Ord.compare(ordPair(ordOption(ordBit))(ordBit))(new Pair(new Some(One.value), Zero.value))(new Pair(new Some(Zero.value), Zero.value)))(Data_Ordering.GT.value)))(function () {
                                    return bind(Test_Utils.assert("Checking comparison LT")(eq(Data_Ord.compare(ordPair(ordBit)(ordBit))(new Pair(Zero.value, One.value))(new Pair(One.value, One.value)))(Data_Ordering.LT.value)))(function () {
                                        return bind(Test_Utils.assert("Checking simple bottom")(eq1(bottom)(A.value)))(function () {
                                            return bind(Test_Utils.assert("Checking simple top")(eq1(top)(D.value)))(function () {
                                                return bind(Test_Utils.assert("Checking composite bottom")(Data_Eq.eq(eqOption(eqSimpleBounded))(Data_Bounded.bottom(boundedOption(boundedSimpleBounded)))(None.value)))(function () {
                                                    return bind(Test_Utils.assert("Checking composite top")(Data_Eq.eq(eqOption(eqSimpleBounded))(Data_Bounded.top(boundedOption(boundedSimpleBounded)))(new Some(D.value))))(function () {
                                                        return bind(Test_Utils.assert("Checking product bottom")(Data_Eq.eq(eqPair(eqBit)(eqSimpleBounded))(Data_Bounded.bottom(boundedPair(boundedBit)(boundedSimpleBounded)))(new Pair(Zero.value, A.value))))(function () {
                                                            return bind(Test_Utils.assert("Checking product top")(Data_Eq.eq(eqPair(eqBit)(eqSimpleBounded))(Data_Bounded.top(boundedPair(boundedBit)(boundedSimpleBounded)))(new Pair(One.value, D.value))))(function () {
                                                                return bind(Test_Utils.assert("Checking zero")(eq2(zero)(new A1(new Pair(new Pair(0, {
                                                                    a: 0
                                                                }), {
                                                                    a: 0
                                                                })))))(function () {
                                                                    return bind(Test_Utils.assert("Checking one")(eq2(one)(new A1(new Pair(new Pair(1, {
                                                                        a: 1
                                                                    }), {
                                                                        a: 1
                                                                    })))))(function () {
                                                                        return bind(Test_Utils.assert("Checking add")(eq2(add(new A1(new Pair(new Pair(100, {
                                                                            a: 10
                                                                        }), {
                                                                            a: 20
                                                                        })))(new A1(new Pair(new Pair(50, {
                                                                            a: 30
                                                                        }), {
                                                                            a: 40
                                                                        }))))(new A1(new Pair(new Pair(150, {
                                                                            a: 40
                                                                        }), {
                                                                            a: 60
                                                                        })))))(function () {
                                                                            return bind(Test_Utils.assert("Checking mul")(eq2(mul(new A1(new Pair(new Pair(100, {
                                                                                a: 10
                                                                            }), {
                                                                                a: 20
                                                                            })))(new A1(new Pair(new Pair(50, {
                                                                                a: 30
                                                                            }), {
                                                                                a: 40
                                                                            }))))(new A1(new Pair(new Pair(5000, {
                                                                                a: 300
                                                                            }), {
                                                                                a: 800
                                                                            })))))(function () {
                                                                                return bind(Test_Utils.assert("Checking sub")(eq2(sub(new A1(new Pair(new Pair(100, {
                                                                                    a: 10
                                                                                }), {
                                                                                    a: 20
                                                                                })))(new A1(new Pair(new Pair(50, {
                                                                                    a: 30
                                                                                }), {
                                                                                    a: 40
                                                                                }))))(new A1(new Pair(new Pair(50, {
                                                                                    a: -20 | 0
                                                                                }), {
                                                                                    a: -20 | 0
                                                                                })))))(function () {
                                                                                    return bind(Test_Utils.assert("Checking ff")(eq3(ff)(new B1(new Pair(new Pair(false, {
                                                                                        a: false
                                                                                    }), {
                                                                                        a: false
                                                                                    })))))(function () {
                                                                                        return bind(Test_Utils.assert("Checking tt")(eq3(tt)(new B1(new Pair(new Pair(true, {
                                                                                            a: true
                                                                                        }), {
                                                                                            a: true
                                                                                        })))))(function () {
                                                                                            return bind(Test_Utils.assert("Checking conj")(eq3(conj(new B1(new Pair(new Pair(true, {
                                                                                                a: false
                                                                                            }), {
                                                                                                a: true
                                                                                            })))(new B1(new Pair(new Pair(false, {
                                                                                                a: false
                                                                                            }), {
                                                                                                a: true
                                                                                            }))))(new B1(new Pair(new Pair(false, {
                                                                                                a: false
                                                                                            }), {
                                                                                                a: true
                                                                                            })))))(function () {
                                                                                                return bind(Test_Utils.assert("Checking disj")(eq3(disj(new B1(new Pair(new Pair(true, {
                                                                                                    a: false
                                                                                                }), {
                                                                                                    a: true
                                                                                                })))(new B1(new Pair(new Pair(false, {
                                                                                                    a: false
                                                                                                }), {
                                                                                                    a: true
                                                                                                }))))(new B1(new Pair(new Pair(true, {
                                                                                                    a: false
                                                                                                }), {
                                                                                                    a: true
                                                                                                })))))(function () {
                                                                                                    return Test_Utils.assert("Checking not")(eq3(Data_HeytingAlgebra.not(heytingAlgebraFunction)(B1.create)(new Pair(new Pair(true, {
                                                                                                        a: false
                                                                                                    }), {
                                                                                                        a: true
                                                                                                    })))(new B1(new Pair(new Pair(false, {
                                                                                                        a: true
                                                                                                    }), {
                                                                                                        a: false
                                                                                                    }))));
                                                                                                });
                                                                                            });
                                                                                        });
                                                                                    });
                                                                                });
                                                                            });
                                                                        });
                                                                    });
                                                                });
                                                            });
                                                        });
                                                    });
                                                });
                                            });
                                        });
                                    });
                                });
                            });
                        });
                    });
                });
            });
        });
    });
})();
var genericShow1 = /* #__PURE__ */ Data_Show_Generic.genericShow(genericSimpleBounded);
var showSimpleBounded = {
    show: function (x) {
        return genericShow1(Data_Show_Generic.genericShowSum(genericShowConstructor({
            reflectSymbol: function () {
                return "A";
            }
        }))(Data_Show_Generic.genericShowSum(genericShowConstructor({
            reflectSymbol: function () {
                return "B";
            }
        }))(Data_Show_Generic.genericShowSum(genericShowConstructor({
            reflectSymbol: function () {
                return "C";
            }
        }))(genericShowConstructor({
            reflectSymbol: function () {
                return "D";
            }
        })))))(x);
    }
};
var genericShow2 = /* #__PURE__ */ Data_Show_Generic.genericShow(genericPair);
var showPair = function (dictShow) {
    var genericShowArgsArgument = Data_Show_Generic.genericShowArgsArgument(dictShow);
    return function (dictShow1) {
        return {
            show: genericShow2(Data_Show_Generic.genericShowConstructor(Data_Show_Generic.genericShowArgsProduct(genericShowArgsArgument)(Data_Show_Generic.genericShowArgsArgument(dictShow1)))({
                reflectSymbol: function () {
                    return "Pair";
                }
            }))
        };
    };
};
var genericShow3 = /* #__PURE__ */ Data_Show_Generic.genericShow(genericOption);
var showOption = function (dictShow) {
    var genericShowArgsArgument = Data_Show_Generic.genericShowArgsArgument(dictShow);
    return {
        show: function (x) {
            return genericShow3(Data_Show_Generic.genericShowSum(genericShowConstructor({
                reflectSymbol: function () {
                    return "None";
                }
            }))(Data_Show_Generic.genericShowConstructor(genericShowArgsArgument)({
                reflectSymbol: function () {
                    return "Some";
                }
            })))(x);
        }
    };
};
var genericShow4 = /* #__PURE__ */ Data_Show_Generic.genericShow(genericBit);
var showBit = {
    show: function (x) {
        return genericShow4(Data_Show_Generic.genericShowSum(genericShowConstructor({
            reflectSymbol: function () {
                return "Zero";
            }
        }))(genericShowConstructor({
            reflectSymbol: function () {
                return "One";
            }
        })))(x);
    }
};
var genericShow5 = /* #__PURE__ */ Data_Show_Generic.genericShow(genericB1);
var showB1 = {
    show: function (a) {
        return genericShow5(Data_Show_Generic.genericShowConstructor(Data_Show_Generic.genericShowArgsArgument(showPair(showPair(Data_Show.showBoolean)(showRecord()(Data_Show.showRecordFieldsConsNil({
            reflectSymbol: function () {
                return "a";
            }
        })(Data_Show.showBoolean))))(showRecord()(Data_Show.showRecordFieldsConsNil({
            reflectSymbol: function () {
                return "a";
            }
        })(Data_Show.showBoolean)))))({
            reflectSymbol: function () {
                return "B1";
            }
        }))(a);
    }
};
var genericShow6 = /* #__PURE__ */ Data_Show_Generic.genericShow(genericA1);
var showA1 = {
    show: function (a) {
        return genericShow6(Data_Show_Generic.genericShowConstructor(Data_Show_Generic.genericShowArgsArgument(showPair(showPair(Data_Show.showInt)(showRecord()(Data_Show.showRecordFieldsConsNil({
            reflectSymbol: function () {
                return "a";
            }
        })(Data_Show.showInt))))(showRecord()(Data_Show.showRecordFieldsConsNil({
            reflectSymbol: function () {
                return "a";
            }
        })(Data_Show.showInt)))))({
            reflectSymbol: function () {
                return "A1";
            }
        }))(a);
    }
};
var booleanAlgebraB1 = {
    HeytingAlgebra0: function () {
        return heytingAlgebraB1;
    }
};
export {
    Nil,
    Cons,
    cons,
    genericList,
    eqList,
    showList,
    A,
    B,
    C,
    D,
    genericSimpleBounded,
    eqSimpleBounded,
    ordSimpleBounded,
    showSimpleBounded,
    boundedSimpleBounded,
    None,
    Some,
    genericOption,
    eqOption,
    ordOption,
    showOption,
    boundedOption,
    Zero,
    One,
    genericBit,
    eqBit,
    ordBit,
    showBit,
    boundedBit,
    Pair,
    genericPair,
    eqPair,
    ordPair,
    showPair,
    boundedPair,
    semiringPair,
    ringPair,
    heytingAlgebraPair,
    A1,
    genericA1,
    eqA1,
    showA1,
    semiringA1,
    ringA1,
    B1,
    genericB1,
    eqB1,
    showB1,
    heytingAlgebraB1,
    booleanAlgebraB1,
    testGenericRep
};
