---
source: tests/codegen.rs
expression: js
---
var myPure = function (dict) {
    return dict.myPure;
};
var myApply = function (dict) {
    return dict.myApply;
};
var liftA = function (dictMyApplicative) {
    var myApply1 = myApply(dictMyApplicative.MyApply0());
    var myPure1 = myPure(dictMyApplicative);
    return function (f) {
        return function (a) {
            return myApply1(myPure1(f))(a);
        };
    };
};
export {
    myApply,
    myPure,
    liftA
};
