---
source: tests/codegen.rs
expression: js
---
import * as Data_Eq from "../Data.Eq/index.js";
import * as Data_Ord from "../Data.Ord/index.js";
import * as Data_Ordering from "../Data.Ordering/index.js";
var LT = /* #__PURE__ */ (function () {
    function LT() {

    };
    LT.value = new LT();
    return LT;
})();
var EQ = /* #__PURE__ */ (function () {
    function EQ() {

    };
    EQ.value = new EQ();
    return EQ;
})();
var GT = /* #__PURE__ */ (function () {
    function GT() {

    };
    GT.value = new GT();
    return GT;
})();
var Nothing = /* #__PURE__ */ (function () {
    function Nothing() {

    };
    Nothing.value = new Nothing();
    return Nothing;
})();
var Just = /* #__PURE__ */ (function () {
    function Just(value0) {
        this.value0 = value0;
    };
    Just.create = function (value0) {
        return new Just(value0);
    };
    return Just;
})();
var Red = /* #__PURE__ */ (function () {
    function Red() {

    };
    Red.value = new Red();
    return Red;
})();
var Green = /* #__PURE__ */ (function () {
    function Green() {

    };
    Green.value = new Green();
    return Green;
})();
var Blue = /* #__PURE__ */ (function () {
    function Blue() {

    };
    Blue.value = new Blue();
    return Blue;
})();
var eqMaybe = function (dictEq) {
    var eq = Data_Eq.eq(dictEq);
    return {
        eq: function (x) {
            return function (y) {
                if (x instanceof Nothing && y instanceof Nothing) {
                    return true;
                };
                if (x instanceof Just && y instanceof Just) {
                    return eq(x.value0)(y.value0);
                };
                return false;
            };
        }
    };
};
var ordMaybe = function (dictOrd) {
    var compare = Data_Ord.compare(dictOrd);
    var eqMaybe1 = eqMaybe(dictOrd.Eq0());
    return {
        compare: function (x) {
            return function (y) {
                if (x instanceof Nothing && y instanceof Nothing) {
                    return Data_Ordering.EQ.value;
                };
                if (x instanceof Nothing) {
                    return Data_Ordering.LT.value;
                };
                if (y instanceof Nothing) {
                    return Data_Ordering.GT.value;
                };
                if (x instanceof Just && y instanceof Just) {
                    return compare(x.value0)(y.value0);
                };
                throw new Error("Failed pattern match at DeriveOrd (line 0, column 0 - line 0, column 0): " + [ x.constructor.name, y.constructor.name ]);
            };
        },
        Eq0: function () {
            return eqMaybe1;
        }
    };
};
var eqColor = {
    eq: function (x) {
        return function (y) {
            if (x instanceof Red && y instanceof Red) {
                return true;
            };
            if (x instanceof Green && y instanceof Green) {
                return true;
            };
            if (x instanceof Blue && y instanceof Blue) {
                return true;
            };
            return false;
        };
    }
};
var ordColor = {
    compare: function (x) {
        return function (y) {
            if (x instanceof Red && y instanceof Red) {
                return Data_Ordering.EQ.value;
            };
            if (x instanceof Red) {
                return Data_Ordering.LT.value;
            };
            if (y instanceof Red) {
                return Data_Ordering.GT.value;
            };
            if (x instanceof Green && y instanceof Green) {
                return Data_Ordering.EQ.value;
            };
            if (x instanceof Green) {
                return Data_Ordering.LT.value;
            };
            if (y instanceof Green) {
                return Data_Ordering.GT.value;
            };
            if (x instanceof Blue && y instanceof Blue) {
                return Data_Ordering.EQ.value;
            };
            throw new Error("Failed pattern match at DeriveOrd (line 0, column 0 - line 0, column 0): " + [ x.constructor.name, y.constructor.name ]);
        };
    },
    Eq0: function () {
        return eqColor;
    }
};
export {
    LT,
    EQ,
    GT,
    Red,
    Green,
    Blue,
    Nothing,
    Just,
    eqColor,
    ordColor,
    eqMaybe,
    ordMaybe
};
