---
source: tests/codegen.rs
expression: js
---
var myEqInt = {
    myEq: function (v) {
        return function (v1) {
            return true;
        };
    }
};
var myOrdInt = {
    myCompare: function (v) {
        return function (v1) {
            return 0;
        };
    },
    myLte: function (v) {
        return function (v1) {
            return true;
        };
    }
};
var myEqString = {
    myEq: function (v) {
        return function (v1) {
            return true;
        };
    }
};
var myEq = function (dict) {
    return dict.myEq;
};
var isEqual = function (dictMyEq) {
    var myEq1 = myEq(dictMyEq);
    return function (x) {
        return function (y) {
            return myEq1(x)(y);
        };
    };
};
var test = /* #__PURE__ */ isEqual(myEqInt)(1)(1);
var myLte = function (dict) {
    return dict.myLte;
};
var myCompare = function (dict) {
    return dict.myCompare;
};
var compareValues = function (dictMyOrd) {
    var myCompare1 = myCompare(dictMyOrd);
    return function (x) {
        return function (y) {
            return myCompare1(x)(y);
        };
    };
};
export {
    myEq,
    myEqInt,
    myEqString,
    isEqual,
    myCompare,
    myLte,
    myOrdInt,
    compareValues,
    test
};
