---
source: tests/codegen.rs
expression: js
---
var whereSimple = 42;
var letSimple = 42;
var letMultiple = 1;
var whereWithArgs = function (n) {
    var $$double = function (x) {
        return x;
    };
    return $$double(n);
};
var test = /* #__PURE__ */ whereWithArgs(letSimple);
export {
    letSimple,
    letMultiple,
    whereSimple,
    whereWithArgs,
    test
};
