---
source: tests/codegen.rs
assertion_line: 489
expression: js
---
var myClassInt = {
    myMethod: function (v) {
        return "int";
    }
};
var myMethod = function (dict) {
    return dict.myMethod;
};
var constrained = function (dictMyClass) {
    var myMethod1 = myMethod(dictMyClass);
    return function (x) {
        return myMethod1(x);
    };
};
var test = /* #__PURE__ */ constrained(myClassInt)(42);
export {
    myMethod,
    myClassInt,
    constrained,
    test
};
