---
source: tests/codegen.rs
expression: js
---
var Nothing = (function () {
    function Nothing () {
    };
    Nothing.value = new Nothing();
    return Nothing;
})();
var Just = (function () {
    function Just (value0) {
        this.value0 = value0;
    };
    Just.create = function (value0) {
        return new Just(value0);
    };
    return Just;
})();
var genericMaybe = {
    to: function (x) {
        return x;
    },
    from: function (x) {
        return x;
    }
};
var Red = (function () {
    function Red () {
    };
    Red.value = new Red();
    return Red;
})();
var Green = (function () {
    function Green () {
    };
    Green.value = new Green();
    return Green;
})();
var Blue = (function () {
    function Blue () {
    };
    Blue.value = new Blue();
    return Blue;
})();
var genericColor = {
    to: function (x) {
        return x;
    },
    from: function (x) {
        return x;
    }
};
export {
    Blue,
    Green,
    Just,
    Nothing,
    Red,
    genericColor,
    genericMaybe
};
