---
source: tests/codegen.rs
expression: js
---
var bind = function ($dict) {
    return $dict.bind;
};
var pure = function ($dict) {
    return $dict.pure;
};
var discard = function ($dictBind) {
    return bind($dictBind);
};
var doSimple = function ($dictBind) {
    return function (x) {
        return function (f) {
            return bind($dictBind)(x)(function (a) {
                return f(a);
            });
        };
    };
};
var doChain = function ($dictBind) {
    return function ($dictPure) {
        return function (x) {
            return bind($dictBind)(x)(function (a) {
                return bind($dictBind)(pure($dictPure)(a))(function (b) {
                    return pure($dictPure)(b);
                });
            });
        };
    };
};
var doDiscard = function ($dictBind) {
    return function (x) {
        return function (y) {
            return bind($dictBind)(x)(function ($_0) {
                return y;
            });
        };
    };
};
export {
    bind,
    discard,
    doChain,
    doDiscard,
    doSimple,
    pure
};
