---
source: tests/codegen.rs
expression: js
---
var Box = /* #__PURE__ */ (function () {
    function Box (value0) {
        this.value0 = value0;
    };
    Box.create = function (value0) {
        return new Box(value0);
    };
    return Box;
})();
var myClassInt = {
    extract: function (x) {
        return x;
    }
};
var extract = function (dict) {
    return dict.extract;
};
var myClassBox = function (dictMyClass) {
    return {
        extract: function (v) {
            return extract(dictMyClass)(v.value0);
        }
    };
};
var run = function (dictMyClass) {
    return function (dictMyClass1) {
        return function (x) {
            return extract(dictMyClass1)(x);
        };
    };
};
var test = /* #__PURE__ */ (function () {
    return run(myClassInt)(myClassBox(myClassInt))(new Box(99));
})();
export {
    extract,
    myClassInt,
    Box,
    myClassBox,
    run,
    test
};
