---
source: tests/codegen.rs
expression: js
---
var nestedRecord = {
    inner: {
        x: 42
    }
};
var emptyRecord = {};
var updateAge = function (p) {
    return function (newAge) {
        return {
            name: p.name,
            age: newAge
        };
    };
};
var mkPerson = function (n) {
    return function (a) {
        return {
            name: n,
            age: a
        };
    };
};
var getName = function (p) {
    return p.name;
};
var getAge = function (p) {
    return p.age;
};
var accessNested = function (r) {
    return r.inner.x;
};
export {
    mkPerson,
    getName,
    getAge,
    updateAge,
    emptyRecord,
    nestedRecord,
    accessNested
};
