---
source: tests/codegen.rs
expression: use_ts
---
import * as MyClass from "../MyClass/index.ts";


var showThing: any = function($dictMyShow) {
  return function(x) {
    return MyClass.myShow($dictMyShow)(x);
  };
};

var showInt: string = MyClass.myShow(MyClass.myShowInt)(42);


export { showInt, showThing };
