---
source: tests/codegen.rs
expression: js
---
var identity = function (x) {
    return x;
};
var constFunc = function (x) {
    return function (v) {
        return x;
    };
};
var apply = function (f) {
    return function (x) {
        return f(x);
    };
};
var flip = function (f) {
    return function (b) {
        return function (a) {
            return f(a)(b);
        };
    };
};
var compose = function (f) {
    return function (g) {
        return function (x) {
            return f(g(x));
        };
    };
};
var test = /* #__PURE__ */ apply(compose(identity)(flip(constFunc)(0)))(42);
export {
    identity,
    constFunc,
    apply,
    flip,
    compose,
    test
};
