---
source: tests/codegen.rs
expression: js
---
var MyNothing = /* #__PURE__ */ (function () {
    function MyNothing () {
    };
    MyNothing.value = new MyNothing();
    return MyNothing;
})();
var MyJust = /* #__PURE__ */ (function () {
    function MyJust (value0) {
        this.value0 = value0;
    };
    MyJust.create = function (value0) {
        return new MyJust(value0);
    };
    return MyJust;
})();
var myFunctorMyMaybe = {
    myMap: function (v) {
        return function (v1) {
            if (v1 instanceof MyJust) {
                var fn = v;
                var x = v1.value0;
                return new MyJust(fn(x));
            }
            return MyNothing.value;
        };
    }
};
var myMap = function (dict) {
    return dict.myMap;
};
var liftF = function (dictMyFunctor) {
    return function (f) {
        return function (x) {
            return myMap(dictMyFunctor)(f)(x);
        };
    };
};
export {
    myMap,
    MyNothing,
    MyJust,
    myFunctorMyMaybe,
    liftF
};
