---
source: tests/codegen.rs
expression: js
---
import * as Data_Monoid from "../Data.Monoid/index.js";
import * as Data_Semigroup from "../Data.Semigroup/index.js";
var test = /* #__PURE__ */ Data_Semigroup.append(Data_Semigroup.semigroupString)(Data_Monoid.mempty(Data_Monoid.monoidString))("world");
export {
    test
};
