---
source: tests/codegen.rs
expression: js
---
var convertIntString = {
    myConvert: function (v) {
        return "int";
    }
};
var myConvert = function (dict) {
    return dict.myConvert;
};
var test = /* #__PURE__ */ myConvert(convertIntString)(42);
var doConvert = function (dictMyConvert) {
    return function (x) {
        return myConvert(dictMyConvert)(x);
    };
};
export {
    myConvert,
    convertIntString,
    doConvert,
    test
};
