---
source: tests/codegen.rs
expression: js
---
var showValue = function(dictMyShow) {
  return function(x) {
    return dictMyShow.myShow(x);
  };
};

var myShow = function(dict) {
  return dict.myShow;
};

var myShowInt = {
  myShow: function($_0) {
    return "int";
  }
};

var myShowString = {
  myShow: function(s) {
    return s;
  }
};


export { myShow, myShowInt, myShowString, showValue };
