---
source: tests/codegen.rs
expression: ts
---
export type Name = string;

var Name = (function() {
  function Name() {
  };
  Name.create = function(x) {
    return x;
  };
  return Name;
})();

export type Wrapper<A> = A;

var Wrapper = (function() {
  function Wrapper() {
  };
  Wrapper.create = function(x) {
    return x;
  };
  return Wrapper;
})();

var mkName: (x: string) => Name = function(s) {
  return Name.create(s);
};

var unwrapName: (x: Name) => string = function($v0) {
  var s = $v0;
  return s;
};

var wrapInt: (x: number) => Wrapper<number> = function(n) {
  return Wrapper.create(n);
};

var unwrapWrapper: any = function($v1) {
  var x = $v1;
  return x;
};


export { Name, Wrapper, mkName, unwrapName, unwrapWrapper, wrapInt };
