---
source: tests/codegen.rs
expression: js
---
var mkPerson = function(n) {
  return function(a) {
    return {
      name: n,
      age: a
    };
  };
};

var getName = function(p) {
  return p.name;
};

var getAge = function(p) {
  return p.age;
};

var updateAge = function(p) {
  return function(newAge) {
    return (function() {
      var $src1 = p;
      var $copy0 = {};
      for (var k in $src1) {
        $copy0[k] = $src1[k];
      }
      $copy0.age = newAge;
      return $copy0;
    })();
  };
};

var emptyRecord = {};

var nestedRecord = {
  inner: {
    x: 42
  }
};

var accessNested = function(r) {
  return r.inner.x;
};


export { accessNested, emptyRecord, getAge, getName, mkPerson, nestedRecord, updateAge };
