---
source: tests/codegen.rs
expression: ts
---
var anInt: number = 1;

var aNumber: number = 1;

var aString: string = "hello";

var aBool: boolean = true;

var id: <A>(x: A) => A = function(x) {
  return x;
};

var $$const: <A, B>(x: A) => (x: B) => A = function(x) {
  return function($_0) {
    return x;
  };
};

var mkPerson: (x: string) => (x: number) => { name: string; age: number } = function(n) {
  return function(a) {
    return {
      name: n,
      age: a
    };
  };
};

var getName: (x: { name: string; age: number }) => string = function(p) {
  return p.name;
};

var nums: number[] = [1, 2, 3];

var strs: string[] = ["a", "b"];

var nested: number[][] = [[1], [2, 3]];


export { $$const, aBool, aNumber, aString, anInt, getName, id, mkPerson, nested, nums, strs };
