---
source: tests/codegen.rs
expression: js
---
var mySemigroupString = {
    myAppend: function (a) {
        return function (b) {
            return a;
        };
    }
};
var myMonoidString = {
    myMempty: "",
    MySemigroup0: function () {
        return mySemigroupString;
    }
};
var myAppend = function (dict) {
    return dict.myAppend;
};
var myMempty = function (dict) {
    return dict.myMempty;
};
var useMonoid = function (dictMyMonoid) {
    return function (x) {
        return myAppend(dictMyMonoid.MySemigroup0())(x)(myMempty(dictMyMonoid));
    };
};
var test = /* #__PURE__ */ useMonoid(myMonoidString)("hello");
export {
    myAppend,
    myMempty,
    mySemigroupString,
    myMonoidString,
    useMonoid,
    test
};
