---
source: tests/codegen.rs
expression: ts
---
export type Color = { tag: "Red" } | { tag: "Green" } | { tag: "Blue" };

var Red = (function() {
  function Red() {
  };
  Red.value = new Red();
  return Red;
})();

var Green = (function() {
  function Green() {
  };
  Green.value = new Green();
  return Green;
})();

var Blue = (function() {
  function Blue() {
  };
  Blue.value = new Blue();
  return Blue;
})();

export type Maybe<A> = { tag: "Nothing" } | { tag: "Just"; value0: A };

var Nothing = (function() {
  function Nothing() {
  };
  Nothing.value = new Nothing();
  return Nothing;
})();

var Just = (function() {
  function Just(value0) {
    this.value0 = value0;
  };
  Just.create = function(value0) {
    return new Just(value0);
  };
  return Just;
})();

export type Pair<A, B> = { tag: "Pair"; value0: A; value1: B };

var Pair = (function() {
  function Pair(value0, value1) {
    this.value0 = value0;
    this.value1 = value1;
  };
  Pair.create = function(value0) {
    return function(value1) {
      return new Pair(value0, value1);
    };
  };
  return Pair;
})();

export type Tree<A> = { tag: "Leaf"; value0: A } | { tag: "Branch"; value0: Tree<A>; value1: Tree<A> };

var Leaf = (function() {
  function Leaf(value0) {
    this.value0 = value0;
  };
  Leaf.create = function(value0) {
    return new Leaf(value0);
  };
  return Leaf;
})();

var Branch = (function() {
  function Branch(value0, value1) {
    this.value0 = value0;
    this.value1 = value1;
  };
  Branch.create = function(value0) {
    return function(value1) {
      return new Branch(value0, value1);
    };
  };
  return Branch;
})();

var nullaryUse: Color = Red.value;

var unaryUse: Maybe<number> = Just.create(42);

var nothingUse: Maybe<number> = Nothing.value;

var pairUse: Pair<number, string> = Pair.create(1)("hello");


export { Blue, Branch, Green, Just, Leaf, Nothing, Pair, Red, nothingUse, nullaryUse, pairUse, unaryUse };
