---
source: tests/codegen.rs
expression: js
---
var withHelper = function (x) {
    var helper = function (n) {
        return n;
    };
    return helper(x);
};
var useWhere = function (x) {
    return x;
};
var compute = function (x) {
    return function (y) {
        var inner = function (n) {
            return y;
        };
        return inner(x);
    };
};
var test = /* #__PURE__ */ compute(useWhere(1))(withHelper(2));
var applyTwice = function (f) {
    return function (x) {
        return f(f(x));
    };
};
export {
    useWhere,
    applyTwice,
    withHelper,
    compute,
    test
};
