---
source: tests/snapshots.rs
expression: "resolve_symbols_in_debug(&format!(\"{:#?}\", module.decls))"
---
[
    Data {
        span: Span {
            start: 15,
            end: 49,
        },
        name: Spanned {
            value: "Either",
            span: Span {
                start: 20,
                end: 26,
            },
        },
        type_vars: [
            Spanned {
                value: "a",
                span: Span {
                    start: 27,
                    end: 28,
                },
            },
            Spanned {
                value: "b",
                span: Span {
                    start: 29,
                    end: 30,
                },
            },
        ],
        constructors: [
            DataConstructor {
                span: Span {
                    start: 33,
                    end: 39,
                },
                name: Spanned {
                    value: "Left",
                    span: Span {
                        start: 33,
                        end: 37,
                    },
                },
                fields: [
                    Var {
                        span: Span {
                            start: 38,
                            end: 39,
                        },
                        name: Spanned {
                            value: "a",
                            span: Span {
                                start: 38,
                                end: 39,
                            },
                        },
                    },
                ],
            },
            DataConstructor {
                span: Span {
                    start: 42,
                    end: 49,
                },
                name: Spanned {
                    value: "Right",
                    span: Span {
                        start: 42,
                        end: 47,
                    },
                },
                fields: [
                    Var {
                        span: Span {
                            start: 48,
                            end: 49,
                        },
                        name: Spanned {
                            value: "b",
                            span: Span {
                                start: 48,
                                end: 49,
                            },
                        },
                    },
                ],
            },
        ],
        kind_sig: None,
        is_role_decl: false,
        kind_type: None,
    },
]
