---
source: tests/snapshots.rs
assertion_line: 226
expression: "resolve_symbols_in_debug(&format!(\"{:#?}\", module.decls))"
---
[
    Data {
        span: Span {
            start: 15,
            end: 49,
        },
        name: Spanned {
            value: TypeName(
                "Either",
            ),
            span: Span {
                start: 20,
                end: 26,
            },
        },
        type_vars: [
            Spanned {
                value: TypeVarName(
                    "a",
                ),
                span: Span {
                    start: 27,
                    end: 28,
                },
            },
            Spanned {
                value: TypeVarName(
                    "b",
                ),
                span: Span {
                    start: 29,
                    end: 30,
                },
            },
        ],
        constructors: [
            DataConstructor {
                span: Span {
                    start: 33,
                    end: 39,
                },
                name: Spanned {
                    value: ConstructorName(
                        "Left",
                    ),
                    span: Span {
                        start: 33,
                        end: 37,
                    },
                },
                fields: [
                    Var {
                        span: Span {
                            start: 38,
                            end: 39,
                        },
                        name: Spanned {
                            value: TypeVarName(
                                "a",
                            ),
                            span: Span {
                                start: 38,
                                end: 39,
                            },
                        },
                    },
                ],
                doc_comments: [],
            },
            DataConstructor {
                span: Span {
                    start: 42,
                    end: 49,
                },
                name: Spanned {
                    value: ConstructorName(
                        "Right",
                    ),
                    span: Span {
                        start: 42,
                        end: 47,
                    },
                },
                fields: [
                    Var {
                        span: Span {
                            start: 48,
                            end: 49,
                        },
                        name: Spanned {
                            value: TypeVarName(
                                "b",
                            ),
                            span: Span {
                                start: 48,
                                end: 49,
                            },
                        },
                    },
                ],
                doc_comments: [],
            },
        ],
        kind_sig: None,
        is_role_decl: false,
        kind_type: None,
        type_var_kind_anns: [
            None,
            None,
        ],
        doc_comments: [],
    },
]
