---
source: tests/snapshots.rs
expression: "resolve_symbols_in_debug(&format!(\"{:#?}\", expr))"
---
Case {
    span: Span {
        start: 0,
        end: 0,
    },
    exprs: [
        Var {
            span: Span {
                start: 5,
                end: 6,
            },
            name: QualifiedIdent {
                module: None,
                name: "x",
            },
        },
    ],
    alts: [
        CaseAlternative {
            span: Span {
                start: 12,
                end: 18,
            },
            binders: [
                Var {
                    span: Span {
                        start: 12,
                        end: 13,
                    },
                    name: Spanned {
                        value: "y",
                        span: Span {
                            start: 12,
                            end: 13,
                        },
                    },
                },
            ],
            result: Unconditional(
                Var {
                    span: Span {
                        start: 17,
                        end: 18,
                    },
                    name: QualifiedIdent {
                        module: None,
                        name: "y",
                    },
                },
            ),
        },
    ],
}
